ninja: Entering directory `/home/venom/PX4-Autopilot/build/px4_sitl_default'
[0/4] Performing build step for 'sitl_gazebo-classic'
ninja: no work to do.
[2/4] No install step for 'sitl_gazebo-classic'
[3/4] Completed 'sitl_gazebo-classic'
[3/4] cd /home/venom/PX4-Autopilot/build/px4_sitl_default/src/modules/simulation/simulator_mavlink && /home/venom/PX4-Autopilot/Tools/simulation/gazebo-classic/sitl_run.sh /home/venom/PX4-Autopilot/build/px4_sitl_default/bin/px4 none iris_inspection none /home/venom/PX4-Autopilot /home/venom/PX4-Autopilot/build/px4_sitl_default
SITL ARGS
sitl_bin: /home/venom/PX4-Autopilot/build/px4_sitl_default/bin/px4
debugger: none
model: iris_inspection
world: none
src_path: /home/venom/PX4-Autopilot
build_path: /home/venom/PX4-Autopilot/build/px4_sitl_default
GAZEBO_PLUGIN_PATH :/home/venom/PX4-Autopilot/build/px4_sitl_default/build_gazebo-classic
GAZEBO_MODEL_PATH :/home/venom/PX4-Autopilot/Tools/simulation/gazebo-classic/sitl_gazebo-classic/models
LD_LIBRARY_PATH :/home/venom/PX4-Autopilot/build/px4_sitl_default/build_gazebo-classic
Using: /home/venom/PX4-Autopilot/Tools/simulation/gazebo-classic/sitl_gazebo-classic/models/iris_inspection/iris_inspection.sdf
not running gazebo gui
SITL COMMAND: "/home/venom/PX4-Autopilot/build/px4_sitl_default/bin/px4" -d "/home/venom/PX4-Autopilot/build/px4_sitl_default"/etc

______  __   __    ___ 
| ___ \ \ \ / /   /   |
| |_/ /  \ V /   / /| |
|  __/   /   \  / /_| |
| |     / /^\ \ \___  |
\_|     \/   \/     |_/

px4 starting.

INFO  [px4] startup script: /bin/sh etc/init.d-posix/rcS 0
INFO  [init] found model autostart file as SYS_AUTOSTART=1018
INFO  [param] selected parameter default file parameters.bson
INFO  [param] importing from 'parameters.bson'
INFO  [parameters] BSON document size 412 bytes, decoded 412 bytes (INT32:18, FLOAT:3)
INFO  [param] selected parameter backup file parameters_backup.bson
  SYS_AUTOCONFIG: curr: 0 -> new: 1
+ SYS_AUTOSTART: curr: 10015 -> new: 1018
  SENS_BOARD_X_OFF: curr: 0.0000 -> new: 0.0000
  SENS_DPRES_OFF: curr: 0.0000 -> new: 0.0010
INFO  [dataman] data manager file './dataman' size is 1208528 bytes
INFO  [init] PX4_SIM_HOSTNAME: localhost
INFO  [simulator_mavlink] Waiting for simulator to accept connection on TCP port 4560
INFO  [simulator_mavlink] Simulator connected on TCP port 4560.
INFO  [lockstep_scheduler] setting initial absolute time to 215000 us
INFO  [commander] LED: open /dev/led0 failed (22)
INFO  [uxrce_dds_client] init UDP agent IP:127.0.0.1, port:8888
INFO  [mavlink] mode: Normal, data rate: 4000000 B/s on udp port 18570 remote port 14550
INFO  [mavlink] mode: Onboard, data rate: 4000000 B/s on udp port 14580 remote port 14540
INFO  [mavlink] mode: Onboard, data rate: 4000 B/s on udp port 14280 remote port 14030
INFO  [mavlink] mode: Gimbal, data rate: 400000 B/s on udp port 13030 remote port 13280
INFO  [logger] logger started (mode=all)
INFO  [logger] Start file log (type: full)
INFO  [logger] [logger] ./log/2026-09-29/11_07_39.ulg	
INFO  [logger] Opened full log file: ./log/2026-09-29/11_07_39.ulg
INFO  [mavlink] MAVLink only on localhost (set param MAV_{i}_BROADCAST = 1 to enable network)
INFO  [mavlink] MAVLink only on localhost (set param MAV_{i}_BROADCAST = 1 to enable network)
INFO  [px4] Startup script returned successfully
INFO  [tone_alarm] home set
INFO  [mavlink] partner IP: 127.0.0.1
WARN  [health_and_arming_checks] Preflight Fail: Global position estimate required
WARN  [health_and_arming_checks] Preflight Fail: Global position estimate required
WARN  [health_and_arming_checks] Preflight Fail: Global position estimate required
INFO  [commander] [32mReady for takeoff![0m
INFO  [commander] Armed by external command	
INFO  [tone_alarm] arming warning
INFO  [commander] Takeoff detected	
INFO  [commander] Landing at current position	
INFO  [commander] Landing detected	
INFO  [commander] Disarmed by landing	
INFO  [tone_alarm] notify neutral

PX4 Exiting...
Exiting NOW.
ninja: build stopped: interrupted by user.
